version: 1
strategies:
- downloadUrl: file://tests/testfiles/input_data/abaqus_conf.zip
  mediaType: application/vnd.dlite-parse
  configuration:
    label: abaqus_config
    options: inputfile=CementModel_Final_contact.inp;ppfile=OpenODB7.py
    metadata: http://www.sintef.no/calm/0.1/AbaqusConfiguration
    driver: abaqus_configuration
  type: ss3:AbaqusConfiguration
  dataresource: abaqus_config1_dataresource_1
- configuration:
    function_name: singlefile_converter
    outputs:
    - label: materialinst
      datamodel: http://onto-ns.com/meta/calm/0.1/AluminiumMaterialCard
    module_name: ss3_wrappers.singlefile_converter
    inputs:
    - label: generated_material_card
      datamodel: http://onto-ns.com/meta/2.0/core.singlefile
  functionType: application/vnd.dlite-convert
  function: AluminiumMaterialCard_function_2
- downloadUrl: file://tests/testfiles/input_data/material_card_concrete.json
  mediaType: application/vnd.dlite-parse
  type: ss3:ConcreteMaterialCard
  configuration:
    label: materialcard_concrete
    driver: json
    metadata: http://www.sintef.no/calm/0.1/ConcreteMaterialCard
  dataresource: abaqus_materialcard_concrete1_dataresource_3
- configuration:
    driver: json
    location: abaqusconf.json
    datamodel: http://www.sintef.no/calm/0.1/AbaqusConfiguration
  functionType: application/vnd.dlite-generate
  function: AbaqusConfiguration_function_4
- configuration:
    location: Section_materials.inp
    driver: plugin_abaqus_material
    datamodel: http://www.sintef.no/calm/0.1/AluminiumMaterialCard
  functionType: application/vnd.dlite-generate
  function: AluminiumMaterialCard_function_5
- functionType: application/vnd.dlite-generate
  configuration:
    driver: plugin_abaqus_material
    datamodel: http://www.sintef.no/calm/0.1/ConcreteMaterialCard
    location: Section_materials.inp
  function: ConcreteMaterialCard_function_6
- function: datanode2cuds
  functionType: aiidacuds/datanode2cuds
  configuration:
    names: to_cuds
- function: AluminiumMaterialCard_function_5_file_to_aiida_datanode
  functionType: aiidacuds/file2collection
  configuration:
    path: Section_materials.inp
    label: AluminiumMaterialCard_function_5_file
- function: AbaqusConfiguration_function_4_file_to_aiida_datanode
  functionType: aiidacuds/file2collection
  configuration:
    path: abaqusconf.json
    label: AbaqusConfiguration_function_4_file
- function: cuds2datanode
  functionType: aiidacuds/cuds2datanode
  configuration:
    names: from_cuds
pipelines:
  pipe: datanode2cuds | abaqus_config1_dataresource_1 | AluminiumMaterialCard_function_2
    | abaqus_materialcard_concrete1_dataresource_3 | AbaqusConfiguration_function_4
    | AluminiumMaterialCard_function_5 | ConcreteMaterialCard_function_6 | AluminiumMaterialCard_function_5_file_to_aiida_datanode
    | AbaqusConfiguration_function_4_file_to_aiida_datanode | cuds2datanode
